AR fulladder4 fulladder4 C:/Users/TEMP.ELE/Desktop/test/mytest/fulladder4.vhd sub00/vhpl10 1502216030
AR example_ttl port_nand C:/Users/TEMP.ELE/Desktop/test/mytest/exemple_TTL.vhd sub00/vhpl01 1502200786
AR mux4_1 mux4 C:/Users/TEMP.ELE/Desktop/test/mytest/mux4_1.vhd sub00/vhpl04 1502203373
AR shift_register shift_register C:/Users/TEMP.ELE.000/Downloads/mytest/mytest/shift_register.vhd sub00/vhpl12 1502369379
EN shift_register NULL C:/Users/TEMP.ELE.000/Downloads/mytest/mytest/shift_register.vhd sub00/vhpl11 1502369378
AR full_adder_1 behavioral C:/Users/TEMP.ELE/Desktop/test/mytest/full_adder_1.vhd sub00/vhpl08 1502216028
EN full_adder_1 NULL C:/Users/TEMP.ELE/Desktop/test/mytest/full_adder_1.vhd sub00/vhpl07 1502216027
AR example_ttl port_and C:/Users/TEMP.ELE/Desktop/test/mytest/exemple_TTL.vhd sub00/vhpl02 1502200787
AR counter4 counter4 C:/Users/TEMP.ELE.000/Downloads/mytest/mytest/counter4.vhd sub00/vhpl14 1502376824
EN example_ttl NULL C:/Users/TEMP.ELE/Desktop/test/mytest/exemple_TTL.vhd sub00/vhpl00 1502200785
EN half_adder_1 NULL C:/Users/TEMP.ELE/Desktop/test/mytest/half_adder_1.vhd sub00/vhpl05 1502216025
EN fulladder4 NULL C:/Users/TEMP.ELE/Desktop/test/mytest/fulladder4.vhd sub00/vhpl09 1502216029
AR half_adder_1 half_adder C:/Users/TEMP.ELE/Desktop/test/mytest/half_adder_1.vhd sub00/vhpl06 1502216026
EN mux4_1 NULL C:/Users/TEMP.ELE/Desktop/test/mytest/mux4_1.vhd sub00/vhpl03 1502203372
EN counter4 NULL C:/Users/TEMP.ELE.000/Downloads/mytest/mytest/counter4.vhd sub00/vhpl13 1502376823
